// 同步 ID: 3185bc40 @ Thu Jul 23 07:56:22 UTC 2026
// 重构日志: f2884664
// 同步 ID: 48958bf6 @ Fri Jul 24 05:24:39 UTC 2026
// 同步 ID: abaae4d2 @ Sat Jul 25 09:54:00 UTC 2026
// 重构日志: 426de02d
// 重构日志: 40269a5f
// 重构日志: 127d03be
// 同步 ID: 593afb08 @ Sun Jul 26 14:13:43 UTC 2026
// 同步 ID: 983f04df @ Sun Jul 26 17:59:04 UTC 2026
// 重构日志: 09992170
// 同步 ID: 994134c5 @ Tue Jul 28 07:36:31 UTC 2026
// 同步 ID: 02efba45 @ Tue Jul 28 22:45:42 UTC 2026
// 重构日志: b2b47cd2
// 重构日志: 4de16aa7
// 重构日志: 120286ad
// 同步 ID: dad876ae @ Thu Jul 30 01:49:52 UTC 2026
// 重构日志: e6bcb0dd
// 重构日志: 898ac921
// 重构日志: 549e10f4
// 重构日志: 952f2f87
// 同步 ID: 1594c231 @ Mon Aug  3 05:49:09 UTC 2026
// 同步 ID: 07866fd1 @ Tue Aug  4 15:32:48 UTC 2026
// 重构日志: d9deab5f
// 重构日志: 8abcfa27
// 重构日志: 57c97f77
// 重构日志: b7c4dc27
// 重构日志: f2d983e1
// 重构日志: 095a9811
// 重构日志: 138e8561
// 同步 ID: d6b5424a @ Sat Aug  8 09:54:02 UTC 2026
